src/components/editor/CanvasArea.tsx(188,34): error TS2339: Property 'set' does not exist on type 'void'.
src/components/editor/CanvasArea.tsx(191,34): error TS2339: Property 'set' does not exist on type 'void'.
src/components/editor/CanvasArea.tsx(195,34): error TS2339: Property 'set' does not exist on type 'void'.
